Archive member included because of file (symbol)

c:/program files (x86)/atmel/atmel studio 6.0/extensions/atmel/avrgcc/3.4.1.95/avrtoolchain/bin/../lib/gcc/avr/4.6.2/avr4\libgcc.a(_udivmodqi4.o)
                              2004_Saturn_mk2.o (__udivmodqi4)
c:/program files (x86)/atmel/atmel studio 6.0/extensions/atmel/avrgcc/3.4.1.95/avrtoolchain/bin/../lib/gcc/avr/4.6.2/avr4\libgcc.a(_divmodqi4.o)
                              2004_Saturn_mk2.o (__divmodqi4)
c:/program files (x86)/atmel/atmel studio 6.0/extensions/atmel/avrgcc/3.4.1.95/avrtoolchain/bin/../lib/gcc/avr/4.6.2/avr4\libgcc.a(_exit.o)
                              c:/program files (x86)/atmel/atmel studio 6.0/extensions/atmel/avrgcc/3.4.1.95/avrtoolchain/bin/../lib/gcc/avr/4.6.2/../../../../avr/lib/avr4/crtm8a.o (exit)
c:/program files (x86)/atmel/atmel studio 6.0/extensions/atmel/avrgcc/3.4.1.95/avrtoolchain/bin/../lib/gcc/avr/4.6.2/avr4\libgcc.a(_copy_data.o)
                              2004_Saturn_mk2.o (__do_copy_data)
c:/program files (x86)/atmel/atmel studio 6.0/extensions/atmel/avrgcc/3.4.1.95/avrtoolchain/bin/../lib/gcc/avr/4.6.2/avr4\libgcc.a(_clear_bss.o)
                              2004_Saturn_mk2.o (__do_clear_bss)
c:/program files (x86)/atmel/atmel studio 6.0/extensions/atmel/avrgcc/3.4.1.95/avrtoolchain/bin/../lib/gcc/avr/4.6.2/../../../../avr/lib/avr4\libc.a(eerd_byte_atmega8a.o)
                              2004_Saturn_mk2.o (__eerd_byte_m8a)
c:/program files (x86)/atmel/atmel studio 6.0/extensions/atmel/avrgcc/3.4.1.95/avrtoolchain/bin/../lib/gcc/avr/4.6.2/../../../../avr/lib/avr4\libc.a(eerd_word_atmega8a.o)
                              2004_Saturn_mk2.o (__eerd_word_m8a)
c:/program files (x86)/atmel/atmel studio 6.0/extensions/atmel/avrgcc/3.4.1.95/avrtoolchain/bin/../lib/gcc/avr/4.6.2/../../../../avr/lib/avr4\libc.a(eewr_byte_atmega8a.o)
                              2004_Saturn_mk2.o (__eewr_byte_m8a)
c:/program files (x86)/atmel/atmel studio 6.0/extensions/atmel/avrgcc/3.4.1.95/avrtoolchain/bin/../lib/gcc/avr/4.6.2/../../../../avr/lib/avr4\libc.a(eerd_block_atmega8a.o)
                              c:/program files (x86)/atmel/atmel studio 6.0/extensions/atmel/avrgcc/3.4.1.95/avrtoolchain/bin/../lib/gcc/avr/4.6.2/../../../../avr/lib/avr4\libc.a(eerd_word_atmega8a.o) (__eerd_blraw_m8a)

Allocating common symbols
Common symbol       size              file

param               0xa               2004_Saturn_mk2.o
tempHumid           0x5               2004_Saturn_mk2.o
timeData            0xf               2004_Saturn_mk2.o

Memory Configuration

Name             Origin             Length             Attributes
text             0x00000000         0x00002000         xr
data             0x00800060         0x0000ffa0         rw !x
eeprom           0x00810000         0x00010000         rw !x
fuse             0x00820000         0x00000400         rw !x
lock             0x00830000         0x00000400         rw !x
signature        0x00840000         0x00000400         rw !x
*default*        0x00000000         0xffffffff

Linker script and memory map

LOAD c:/program files (x86)/atmel/atmel studio 6.0/extensions/atmel/avrgcc/3.4.1.95/avrtoolchain/bin/../lib/gcc/avr/4.6.2/../../../../avr/lib/avr4/crtm8a.o
LOAD 2004_Saturn_mk2.o
LOAD buttons.o
LOAD dht11.o
LOAD pulsarHD44780.o
LOAD rtc.o
LOAD standart_interface.o
START GROUP
LOAD c:/program files (x86)/atmel/atmel studio 6.0/extensions/atmel/avrgcc/3.4.1.95/avrtoolchain/bin/../lib/gcc/avr/4.6.2/../../../../avr/lib/avr4\libm.a
END GROUP
LOAD c:/program files (x86)/atmel/atmel studio 6.0/extensions/atmel/avrgcc/3.4.1.95/avrtoolchain/bin/../lib/gcc/avr/4.6.2/avr4\libgcc.a
LOAD c:/program files (x86)/atmel/atmel studio 6.0/extensions/atmel/avrgcc/3.4.1.95/avrtoolchain/bin/../lib/gcc/avr/4.6.2/../../../../avr/lib/avr4\libc.a
LOAD c:/program files (x86)/atmel/atmel studio 6.0/extensions/atmel/avrgcc/3.4.1.95/avrtoolchain/bin/../lib/gcc/avr/4.6.2/avr4\libgcc.a

.hash
 *(.hash)

.dynsym
 *(.dynsym)

.dynstr
 *(.dynstr)

.gnu.version
 *(.gnu.version)

.gnu.version_d
 *(.gnu.version_d)

.gnu.version_r
 *(.gnu.version_r)

.rel.init
 *(.rel.init)

.rela.init
 *(.rela.init)

.rel.text
 *(.rel.text)
 *(.rel.text.*)
 *(.rel.gnu.linkonce.t*)

.rela.text
 *(.rela.text)
 *(.rela.text.*)
 *(.rela.gnu.linkonce.t*)

.rel.fini
 *(.rel.fini)

.rela.fini
 *(.rela.fini)

.rel.rodata
 *(.rel.rodata)
 *(.rel.rodata.*)
 *(.rel.gnu.linkonce.r*)

.rela.rodata
 *(.rela.rodata)
 *(.rela.rodata.*)
 *(.rela.gnu.linkonce.r*)

.rel.data
 *(.rel.data)
 *(.rel.data.*)
 *(.rel.gnu.linkonce.d*)

.rela.data
 *(.rela.data)
 *(.rela.data.*)
 *(.rela.gnu.linkonce.d*)

.rel.ctors
 *(.rel.ctors)

.rela.ctors
 *(.rela.ctors)

.rel.dtors
 *(.rel.dtors)

.rela.dtors
 *(.rela.dtors)

.rel.got
 *(.rel.got)

.rela.got
 *(.rela.got)

.rel.bss
 *(.rel.bss)

.rela.bss
 *(.rela.bss)

.rel.plt
 *(.rel.plt)

.rela.plt
 *(.rela.plt)

.text           0x00000000     0x1fa6
 *(.vectors)
 .vectors       0x00000000       0x26 c:/program files (x86)/atmel/atmel studio 6.0/extensions/atmel/avrgcc/3.4.1.95/avrtoolchain/bin/../lib/gcc/avr/4.6.2/../../../../avr/lib/avr4/crtm8a.o
                0x00000000                __vector_default
                0x00000000                __vectors
 *(.vectors)
 *(.progmem.gcc*)
 .progmem.gcc_sw_table
                0x00000026       0x16 2004_Saturn_mk2.o
 *(.progmem*)
 .progmem.data  0x0000003c      0x15d 2004_Saturn_mk2.o
                0x0000003c                sensor
                0x0000004a                week
                0x0000009e                swTime
                0x000000a9                dBr
                0x000000b1                nBr
                0x000000b9                dTime
                0x000000c3                nTime
                0x000000cd                format
                0x000000d4                preset
                0x000000db                wakeup
                0x000000e3                temp
                0x000000ef                on
                0x000000f2                off
                0x000000f6                brightness
                0x00000101                sensorT
                0x00000108                am
                0x0000010b                pm
                0x0000010e                al1Str
                0x00000115                dateStr
                0x0000011a                timeStr
                0x0000011f                space
                0x00000129                max
                0x00000133                arrov
                0x00000137                segments
                0x0000019a                . = ALIGN (0x2)
 *fill*         0x00000199        0x1 00
                0x0000019a                __trampolines_start = .
 *(.trampolines)
 .trampolines   0x0000019a        0x0 linker stubs
 *(.trampolines*)
                0x0000019a                __trampolines_end = .
 *(.jumptables)
 *(.jumptables*)
 *(.lowtext)
 *(.lowtext*)
                0x0000019a                __ctors_start = .
 *(.ctors)
                0x0000019a                __ctors_end = .
                0x0000019a                __dtors_start = .
 *(.dtors)
                0x0000019a                __dtors_end = .
 SORT(*)(.ctors)
 SORT(*)(.dtors)
 *(.init0)
 .init0         0x0000019a        0x0 c:/program files (x86)/atmel/atmel studio 6.0/extensions/atmel/avrgcc/3.4.1.95/avrtoolchain/bin/../lib/gcc/avr/4.6.2/../../../../avr/lib/avr4/crtm8a.o
                0x0000019a                __init
 *(.init0)
 *(.init1)
 *(.init1)
 *(.init2)
 .init2         0x0000019a        0xc c:/program files (x86)/atmel/atmel studio 6.0/extensions/atmel/avrgcc/3.4.1.95/avrtoolchain/bin/../lib/gcc/avr/4.6.2/../../../../avr/lib/avr4/crtm8a.o
 *(.init2)
 *(.init3)
 *(.init3)
 *(.init4)
 .init4         0x000001a6       0x16 c:/program files (x86)/atmel/atmel studio 6.0/extensions/atmel/avrgcc/3.4.1.95/avrtoolchain/bin/../lib/gcc/avr/4.6.2/avr4\libgcc.a(_copy_data.o)
                0x000001a6                __do_copy_data
 .init4         0x000001bc       0x10 c:/program files (x86)/atmel/atmel studio 6.0/extensions/atmel/avrgcc/3.4.1.95/avrtoolchain/bin/../lib/gcc/avr/4.6.2/avr4\libgcc.a(_clear_bss.o)
                0x000001bc                __do_clear_bss
 *(.init4)
 *(.init5)
 *(.init5)
 *(.init6)
 *(.init6)
 *(.init7)
 *(.init7)
 *(.init8)
 *(.init8)
 *(.init9)
 .init9         0x000001cc        0x4 c:/program files (x86)/atmel/atmel studio 6.0/extensions/atmel/avrgcc/3.4.1.95/avrtoolchain/bin/../lib/gcc/avr/4.6.2/../../../../avr/lib/avr4/crtm8a.o
 *(.init9)
 *(.text)
 .text          0x000001d0        0x2 c:/program files (x86)/atmel/atmel studio 6.0/extensions/atmel/avrgcc/3.4.1.95/avrtoolchain/bin/../lib/gcc/avr/4.6.2/../../../../avr/lib/avr4/crtm8a.o
                0x000001d0                __vector_12
                0x000001d0                __bad_interrupt
                0x000001d0                __vector_6
                0x000001d0                __vector_11
                0x000001d0                __vector_13
                0x000001d0                __vector_17
                0x000001d0                __vector_7
                0x000001d0                __vector_5
                0x000001d0                __vector_4
                0x000001d0                __vector_9
                0x000001d0                __vector_2
                0x000001d0                __vector_15
                0x000001d0                __vector_8
                0x000001d0                __vector_14
                0x000001d0                __vector_10
                0x000001d0                __vector_16
                0x000001d0                __vector_18
 .text          0x000001d2      0x59a 2004_Saturn_mk2.o
                0x000001d2                setUpCTC
                0x000001f0                __vector_1
                0x000002e0                __vector_3
                0x000003cc                print3x2s
                0x000004ce                printTime
                0x000005f0                procButtons
                0x0000066a                nextState
                0x00000704                writeEEP
 .text          0x0000076c       0x62 buttons.o
                0x0000076c                checkButton
 .text          0x000007ce       0x9c dht11.o
                0x000007ce                request
                0x000007e2                response
                0x000007f2                receiveData
                0x00000810                DHTreadData
 .text          0x0000086a      0x14e pulsarHD44780.o
                0x0000086a                sent_four_bits
                0x00000890                LCD_SentByte
                0x000008ac                LCD_SentChar
                0x000008b2                LCD_Initial
                0x0000094c                LCD_Clear
                0x0000096c                LCD_GotoXY
                0x00000980                LCD_State
                0x00000988                LCD_SentLine
                0x0000099e                LCD_SentLineC
 .text          0x000009b8      0x1d6 rtc.o
                0x000009b8                bcd2bin
                0x000009ce                bin2bcd
                0x000009da                RTC_init
                0x000009f2                RTC_read_time
                0x00000a24                RTC_read_date
                0x00000a62                RTC_read_alarm
                0x00000ab2                RTC_write_time
                0x00000ae0                RTC_write_date
                0x00000b16                RTC_write_alarm
                0x00000b56                RTC_read_temp
 .text          0x00000b8e       0x6a standart_interface.o
                0x00000b8e                _i2c_init
                0x00000b94                _i2c_start_operation
                0x00000ba0                _i2c_stop_operation
                0x00000ba6                _i2c_send_byte
                0x00000bb4                _i2c_send_data
                0x00000bdc                _i2c_reseive_byte
                0x00000bea                _i2c_reseive_last_byte
 .text          0x00000bf8        0x0 c:/program files (x86)/atmel/atmel studio 6.0/extensions/atmel/avrgcc/3.4.1.95/avrtoolchain/bin/../lib/gcc/avr/4.6.2/avr4\libgcc.a(_udivmodqi4.o)
 .text          0x00000bf8        0x0 c:/program files (x86)/atmel/atmel studio 6.0/extensions/atmel/avrgcc/3.4.1.95/avrtoolchain/bin/../lib/gcc/avr/4.6.2/avr4\libgcc.a(_divmodqi4.o)
 .text          0x00000bf8        0x0 c:/program files (x86)/atmel/atmel studio 6.0/extensions/atmel/avrgcc/3.4.1.95/avrtoolchain/bin/../lib/gcc/avr/4.6.2/avr4\libgcc.a(_exit.o)
 .text          0x00000bf8        0x0 c:/program files (x86)/atmel/atmel studio 6.0/extensions/atmel/avrgcc/3.4.1.95/avrtoolchain/bin/../lib/gcc/avr/4.6.2/avr4\libgcc.a(_copy_data.o)
 .text          0x00000bf8        0x0 c:/program files (x86)/atmel/atmel studio 6.0/extensions/atmel/avrgcc/3.4.1.95/avrtoolchain/bin/../lib/gcc/avr/4.6.2/avr4\libgcc.a(_clear_bss.o)
 .text          0x00000bf8        0x0 c:/program files (x86)/atmel/atmel studio 6.0/extensions/atmel/avrgcc/3.4.1.95/avrtoolchain/bin/../lib/gcc/avr/4.6.2/../../../../avr/lib/avr4\libc.a(eerd_byte_atmega8a.o)
 .text          0x00000bf8        0x0 c:/program files (x86)/atmel/atmel studio 6.0/extensions/atmel/avrgcc/3.4.1.95/avrtoolchain/bin/../lib/gcc/avr/4.6.2/../../../../avr/lib/avr4\libc.a(eerd_word_atmega8a.o)
 .text          0x00000bf8        0x0 c:/program files (x86)/atmel/atmel studio 6.0/extensions/atmel/avrgcc/3.4.1.95/avrtoolchain/bin/../lib/gcc/avr/4.6.2/../../../../avr/lib/avr4\libc.a(eewr_byte_atmega8a.o)
 .text          0x00000bf8        0x0 c:/program files (x86)/atmel/atmel studio 6.0/extensions/atmel/avrgcc/3.4.1.95/avrtoolchain/bin/../lib/gcc/avr/4.6.2/../../../../avr/lib/avr4\libc.a(eerd_block_atmega8a.o)
                0x00000bf8                . = ALIGN (0x2)
 *(.text.*)
 .text.startup  0x00000bf8     0x1324 2004_Saturn_mk2.o
                0x00000bf8                main
 .text.libgcc   0x00001f1c       0x18 c:/program files (x86)/atmel/atmel studio 6.0/extensions/atmel/avrgcc/3.4.1.95/avrtoolchain/bin/../lib/gcc/avr/4.6.2/avr4\libgcc.a(_udivmodqi4.o)
                0x00001f1c                __udivmodqi4
 .text.libgcc   0x00001f34       0x1a c:/program files (x86)/atmel/atmel studio 6.0/extensions/atmel/avrgcc/3.4.1.95/avrtoolchain/bin/../lib/gcc/avr/4.6.2/avr4\libgcc.a(_divmodqi4.o)
                0x00001f34                __divmodqi4
 .text.libgcc   0x00001f4e        0x0 c:/program files (x86)/atmel/atmel studio 6.0/extensions/atmel/avrgcc/3.4.1.95/avrtoolchain/bin/../lib/gcc/avr/4.6.2/avr4\libgcc.a(_exit.o)
 .text.libgcc   0x00001f4e        0x0 c:/program files (x86)/atmel/atmel studio 6.0/extensions/atmel/avrgcc/3.4.1.95/avrtoolchain/bin/../lib/gcc/avr/4.6.2/avr4\libgcc.a(_copy_data.o)
 .text.libgcc   0x00001f4e        0x0 c:/program files (x86)/atmel/atmel studio 6.0/extensions/atmel/avrgcc/3.4.1.95/avrtoolchain/bin/../lib/gcc/avr/4.6.2/avr4\libgcc.a(_clear_bss.o)
 .text.avr-libc
                0x00001f4e       0x10 c:/program files (x86)/atmel/atmel studio 6.0/extensions/atmel/avrgcc/3.4.1.95/avrtoolchain/bin/../lib/gcc/avr/4.6.2/../../../../avr/lib/avr4\libc.a(eerd_byte_atmega8a.o)
                0x00001f4e                __eerd_byte_m8a
 .text.avr-libc
                0x00001f5e        0xa c:/program files (x86)/atmel/atmel studio 6.0/extensions/atmel/avrgcc/3.4.1.95/avrtoolchain/bin/../lib/gcc/avr/4.6.2/../../../../avr/lib/avr4\libc.a(eerd_word_atmega8a.o)
                0x00001f5e                __eerd_word_m8a
 .text.avr-libc
                0x00001f68       0x1a c:/program files (x86)/atmel/atmel studio 6.0/extensions/atmel/avrgcc/3.4.1.95/avrtoolchain/bin/../lib/gcc/avr/4.6.2/../../../../avr/lib/avr4\libc.a(eewr_byte_atmega8a.o)
                0x00001f68                __eewr_byte_m8a
                0x00001f6a                __eewr_r18_m8a
 .text.avr-libc
                0x00001f82       0x20 c:/program files (x86)/atmel/atmel studio 6.0/extensions/atmel/avrgcc/3.4.1.95/avrtoolchain/bin/../lib/gcc/avr/4.6.2/../../../../avr/lib/avr4\libc.a(eerd_block_atmega8a.o)
                0x00001f82                __eerd_block_m8a
                0x00001f86                __eerd_blraw_m8a
                0x00001fa2                . = ALIGN (0x2)
 *(.fini9)
 .fini9         0x00001fa2        0x0 c:/program files (x86)/atmel/atmel studio 6.0/extensions/atmel/avrgcc/3.4.1.95/avrtoolchain/bin/../lib/gcc/avr/4.6.2/avr4\libgcc.a(_exit.o)
                0x00001fa2                _exit
                0x00001fa2                exit
 *(.fini9)
 *(.fini8)
 *(.fini8)
 *(.fini7)
 *(.fini7)
 *(.fini6)
 *(.fini6)
 *(.fini5)
 *(.fini5)
 *(.fini4)
 *(.fini4)
 *(.fini3)
 *(.fini3)
 *(.fini2)
 *(.fini2)
 *(.fini1)
 *(.fini1)
 *(.fini0)
 .fini0         0x00001fa2        0x4 c:/program files (x86)/atmel/atmel studio 6.0/extensions/atmel/avrgcc/3.4.1.95/avrtoolchain/bin/../lib/gcc/avr/4.6.2/avr4\libgcc.a(_exit.o)
 *(.fini0)
                0x00001fa6                _etext = .

.data           0x00800060       0x14 load address 0x00001fa6
                0x00800060                PROVIDE (__data_start, .)
 *(.data)
 .data          0x00800060        0x0 c:/program files (x86)/atmel/atmel studio 6.0/extensions/atmel/avrgcc/3.4.1.95/avrtoolchain/bin/../lib/gcc/avr/4.6.2/../../../../avr/lib/avr4/crtm8a.o
 .data          0x00800060       0x13 2004_Saturn_mk2.o
                0x00800060                menuRetTime
                0x00800061                downButton
                0x00800067                okButton
                0x0080006d                upButton
 .data          0x00800073        0x0 buttons.o
 .data          0x00800073        0x0 dht11.o
 .data          0x00800073        0x0 pulsarHD44780.o
 .data          0x00800073        0x0 rtc.o
 .data          0x00800073        0x0 standart_interface.o
 .data          0x00800073        0x0 c:/program files (x86)/atmel/atmel studio 6.0/extensions/atmel/avrgcc/3.4.1.95/avrtoolchain/bin/../lib/gcc/avr/4.6.2/avr4\libgcc.a(_udivmodqi4.o)
 .data          0x00800073        0x0 c:/program files (x86)/atmel/atmel studio 6.0/extensions/atmel/avrgcc/3.4.1.95/avrtoolchain/bin/../lib/gcc/avr/4.6.2/avr4\libgcc.a(_divmodqi4.o)
 .data          0x00800073        0x0 c:/program files (x86)/atmel/atmel studio 6.0/extensions/atmel/avrgcc/3.4.1.95/avrtoolchain/bin/../lib/gcc/avr/4.6.2/avr4\libgcc.a(_exit.o)
 .data          0x00800073        0x0 c:/program files (x86)/atmel/atmel studio 6.0/extensions/atmel/avrgcc/3.4.1.95/avrtoolchain/bin/../lib/gcc/avr/4.6.2/avr4\libgcc.a(_copy_data.o)
 .data          0x00800073        0x0 c:/program files (x86)/atmel/atmel studio 6.0/extensions/atmel/avrgcc/3.4.1.95/avrtoolchain/bin/../lib/gcc/avr/4.6.2/avr4\libgcc.a(_clear_bss.o)
 .data          0x00800073        0x0 c:/program files (x86)/atmel/atmel studio 6.0/extensions/atmel/avrgcc/3.4.1.95/avrtoolchain/bin/../lib/gcc/avr/4.6.2/../../../../avr/lib/avr4\libc.a(eerd_byte_atmega8a.o)
 .data          0x00800073        0x0 c:/program files (x86)/atmel/atmel studio 6.0/extensions/atmel/avrgcc/3.4.1.95/avrtoolchain/bin/../lib/gcc/avr/4.6.2/../../../../avr/lib/avr4\libc.a(eerd_word_atmega8a.o)
 .data          0x00800073        0x0 c:/program files (x86)/atmel/atmel studio 6.0/extensions/atmel/avrgcc/3.4.1.95/avrtoolchain/bin/../lib/gcc/avr/4.6.2/../../../../avr/lib/avr4\libc.a(eewr_byte_atmega8a.o)
 .data          0x00800073        0x0 c:/program files (x86)/atmel/atmel studio 6.0/extensions/atmel/avrgcc/3.4.1.95/avrtoolchain/bin/../lib/gcc/avr/4.6.2/../../../../avr/lib/avr4\libc.a(eerd_block_atmega8a.o)
 *(.data*)
 *(.rodata)
 *(.rodata*)
 *(.gnu.linkonce.d*)
                0x00800074                . = ALIGN (0x2)
 *fill*         0x00800073        0x1 00
                0x00800074                _edata = .
                0x00800074                PROVIDE (__data_end, .)

.bss            0x00800074       0x2a
                0x00800074                PROVIDE (__bss_start, .)
 *(.bss)
 .bss           0x00800074        0x0 c:/program files (x86)/atmel/atmel studio 6.0/extensions/atmel/avrgcc/3.4.1.95/avrtoolchain/bin/../lib/gcc/avr/4.6.2/../../../../avr/lib/avr4/crtm8a.o
 .bss           0x00800074        0xb 2004_Saturn_mk2.o
                0x00800074                soundLen
                0x00800076                soundC
                0x00800078                t12HFHelper
                0x00800079                alarm
                0x0080007a                swTimer
                0x0080007b                lcdClr
                0x0080007c                fsmEn
                0x0080007d                subFrame
                0x0080007e                main_fsm
 .bss           0x0080007f        0x0 buttons.o
 .bss           0x0080007f        0x0 dht11.o
 .bss           0x0080007f        0x1 pulsarHD44780.o
                0x0080007f                out
 .bss           0x00800080        0x0 rtc.o
 .bss           0x00800080        0x0 standart_interface.o
 .bss           0x00800080        0x0 c:/program files (x86)/atmel/atmel studio 6.0/extensions/atmel/avrgcc/3.4.1.95/avrtoolchain/bin/../lib/gcc/avr/4.6.2/avr4\libgcc.a(_udivmodqi4.o)
 .bss           0x00800080        0x0 c:/program files (x86)/atmel/atmel studio 6.0/extensions/atmel/avrgcc/3.4.1.95/avrtoolchain/bin/../lib/gcc/avr/4.6.2/avr4\libgcc.a(_divmodqi4.o)
 .bss           0x00800080        0x0 c:/program files (x86)/atmel/atmel studio 6.0/extensions/atmel/avrgcc/3.4.1.95/avrtoolchain/bin/../lib/gcc/avr/4.6.2/avr4\libgcc.a(_exit.o)
 .bss           0x00800080        0x0 c:/program files (x86)/atmel/atmel studio 6.0/extensions/atmel/avrgcc/3.4.1.95/avrtoolchain/bin/../lib/gcc/avr/4.6.2/avr4\libgcc.a(_copy_data.o)
 .bss           0x00800080        0x0 c:/program files (x86)/atmel/atmel studio 6.0/extensions/atmel/avrgcc/3.4.1.95/avrtoolchain/bin/../lib/gcc/avr/4.6.2/avr4\libgcc.a(_clear_bss.o)
 .bss           0x00800080        0x0 c:/program files (x86)/atmel/atmel studio 6.0/extensions/atmel/avrgcc/3.4.1.95/avrtoolchain/bin/../lib/gcc/avr/4.6.2/../../../../avr/lib/avr4\libc.a(eerd_byte_atmega8a.o)
 .bss           0x00800080        0x0 c:/program files (x86)/atmel/atmel studio 6.0/extensions/atmel/avrgcc/3.4.1.95/avrtoolchain/bin/../lib/gcc/avr/4.6.2/../../../../avr/lib/avr4\libc.a(eerd_word_atmega8a.o)
 .bss           0x00800080        0x0 c:/program files (x86)/atmel/atmel studio 6.0/extensions/atmel/avrgcc/3.4.1.95/avrtoolchain/bin/../lib/gcc/avr/4.6.2/../../../../avr/lib/avr4\libc.a(eewr_byte_atmega8a.o)
 .bss           0x00800080        0x0 c:/program files (x86)/atmel/atmel studio 6.0/extensions/atmel/avrgcc/3.4.1.95/avrtoolchain/bin/../lib/gcc/avr/4.6.2/../../../../avr/lib/avr4\libc.a(eerd_block_atmega8a.o)
 *(.bss*)
 *(COMMON)
 COMMON         0x00800080       0x1e 2004_Saturn_mk2.o
                0x00800080                param
                0x0080008a                tempHumid
                0x0080008f                timeData
                0x0080009e                PROVIDE (__bss_end, .)
                0x00001fa6                __data_load_start = LOADADDR (.data)
                0x00001fba                __data_load_end = (__data_load_start + SIZEOF (.data))

.noinit         0x0080009e        0x0
                0x0080009e                PROVIDE (__noinit_start, .)
 *(.noinit*)
                0x0080009e                PROVIDE (__noinit_end, .)
                0x0080009e                _end = .
                0x0080009e                PROVIDE (__heap_start, .)

.eeprom         0x00810000      0x12c
 *(.eeprom*)
 .eeprom        0x00810000      0x12c 2004_Saturn_mk2.o
                0x00810000                music
                0x00810120                songLen
                0x00810122                eeconst
                0x0081012c                __eeprom_end = .

.fuse
 *(.fuse)
 *(.lfuse)
 *(.hfuse)
 *(.efuse)

.lock
 *(.lock*)

.signature
 *(.signature*)

.stab           0x00000000      0x9a8
 *(.stab)
 .stab          0x00000000      0x6cc c:/program files (x86)/atmel/atmel studio 6.0/extensions/atmel/avrgcc/3.4.1.95/avrtoolchain/bin/../lib/gcc/avr/4.6.2/../../../../avr/lib/avr4/crtm8a.o
 .stab          0x000006cc       0x90 c:/program files (x86)/atmel/atmel studio 6.0/extensions/atmel/avrgcc/3.4.1.95/avrtoolchain/bin/../lib/gcc/avr/4.6.2/../../../../avr/lib/avr4\libc.a(eerd_byte_atmega8a.o)
                                 0x9c (size before relaxing)
 .stab          0x0000075c       0x6c c:/program files (x86)/atmel/atmel studio 6.0/extensions/atmel/avrgcc/3.4.1.95/avrtoolchain/bin/../lib/gcc/avr/4.6.2/../../../../avr/lib/avr4\libc.a(eerd_word_atmega8a.o)
                                 0x78 (size before relaxing)
 .stab          0x000007c8       0xd8 c:/program files (x86)/atmel/atmel studio 6.0/extensions/atmel/avrgcc/3.4.1.95/avrtoolchain/bin/../lib/gcc/avr/4.6.2/../../../../avr/lib/avr4\libc.a(eewr_byte_atmega8a.o)
                                 0xe4 (size before relaxing)
 .stab          0x000008a0      0x108 c:/program files (x86)/atmel/atmel studio 6.0/extensions/atmel/avrgcc/3.4.1.95/avrtoolchain/bin/../lib/gcc/avr/4.6.2/../../../../avr/lib/avr4\libc.a(eerd_block_atmega8a.o)
                                0x114 (size before relaxing)

.stabstr        0x00000000      0x212
 *(.stabstr)
 .stabstr       0x00000000      0x212 c:/program files (x86)/atmel/atmel studio 6.0/extensions/atmel/avrgcc/3.4.1.95/avrtoolchain/bin/../lib/gcc/avr/4.6.2/../../../../avr/lib/avr4/crtm8a.o

.stab.excl
 *(.stab.excl)

.stab.exclstr
 *(.stab.exclstr)

.stab.index
 *(.stab.index)

.stab.indexstr
 *(.stab.indexstr)

.comment
 *(.comment)

.debug
 *(.debug)

.line
 *(.line)

.debug_srcinfo
 *(.debug_srcinfo)

.debug_sfnames
 *(.debug_sfnames)

.debug_aranges  0x00000000      0x168
 *(.debug_aranges)
 .debug_aranges
                0x00000000       0x28 2004_Saturn_mk2.o
 .debug_aranges
                0x00000028       0x20 buttons.o
 .debug_aranges
                0x00000048       0x20 dht11.o
 .debug_aranges
                0x00000068       0x20 pulsarHD44780.o
 .debug_aranges
                0x00000088       0x20 rtc.o
 .debug_aranges
                0x000000a8       0x20 standart_interface.o
 .debug_aranges
                0x000000c8       0x20 c:/program files (x86)/atmel/atmel studio 6.0/extensions/atmel/avrgcc/3.4.1.95/avrtoolchain/bin/../lib/gcc/avr/4.6.2/avr4\libgcc.a(_udivmodqi4.o)
 .debug_aranges
                0x000000e8       0x20 c:/program files (x86)/atmel/atmel studio 6.0/extensions/atmel/avrgcc/3.4.1.95/avrtoolchain/bin/../lib/gcc/avr/4.6.2/avr4\libgcc.a(_divmodqi4.o)
 .debug_aranges
                0x00000108       0x20 c:/program files (x86)/atmel/atmel studio 6.0/extensions/atmel/avrgcc/3.4.1.95/avrtoolchain/bin/../lib/gcc/avr/4.6.2/avr4\libgcc.a(_exit.o)
 .debug_aranges
                0x00000128       0x20 c:/program files (x86)/atmel/atmel studio 6.0/extensions/atmel/avrgcc/3.4.1.95/avrtoolchain/bin/../lib/gcc/avr/4.6.2/avr4\libgcc.a(_copy_data.o)
 .debug_aranges
                0x00000148       0x20 c:/program files (x86)/atmel/atmel studio 6.0/extensions/atmel/avrgcc/3.4.1.95/avrtoolchain/bin/../lib/gcc/avr/4.6.2/avr4\libgcc.a(_clear_bss.o)

.debug_pubnames
 *(.debug_pubnames)

.debug_info     0x00000000     0x217a
 *(.debug_info)
 .debug_info    0x00000000      0xeb7 2004_Saturn_mk2.o
 .debug_info    0x00000eb7      0x12f buttons.o
 .debug_info    0x00000fe6      0x2b9 dht11.o
 .debug_info    0x0000129f      0x635 pulsarHD44780.o
 .debug_info    0x000018d4      0x305 rtc.o
 .debug_info    0x00001bd9      0x150 standart_interface.o
 .debug_info    0x00001d29       0xdd c:/program files (x86)/atmel/atmel studio 6.0/extensions/atmel/avrgcc/3.4.1.95/avrtoolchain/bin/../lib/gcc/avr/4.6.2/avr4\libgcc.a(_udivmodqi4.o)
 .debug_info    0x00001e06       0xdd c:/program files (x86)/atmel/atmel studio 6.0/extensions/atmel/avrgcc/3.4.1.95/avrtoolchain/bin/../lib/gcc/avr/4.6.2/avr4\libgcc.a(_divmodqi4.o)
 .debug_info    0x00001ee3       0xdd c:/program files (x86)/atmel/atmel studio 6.0/extensions/atmel/avrgcc/3.4.1.95/avrtoolchain/bin/../lib/gcc/avr/4.6.2/avr4\libgcc.a(_exit.o)
 .debug_info    0x00001fc0       0xdd c:/program files (x86)/atmel/atmel studio 6.0/extensions/atmel/avrgcc/3.4.1.95/avrtoolchain/bin/../lib/gcc/avr/4.6.2/avr4\libgcc.a(_copy_data.o)
 .debug_info    0x0000209d       0xdd c:/program files (x86)/atmel/atmel studio 6.0/extensions/atmel/avrgcc/3.4.1.95/avrtoolchain/bin/../lib/gcc/avr/4.6.2/avr4\libgcc.a(_clear_bss.o)
 *(.gnu.linkonce.wi.*)

.debug_abbrev   0x00000000      0x8d2
 *(.debug_abbrev)
 .debug_abbrev  0x00000000      0x2e1 2004_Saturn_mk2.o
 .debug_abbrev  0x000002e1       0xab buttons.o
 .debug_abbrev  0x0000038c      0x178 dht11.o
 .debug_abbrev  0x00000504      0x1b6 pulsarHD44780.o
 .debug_abbrev  0x000006ba       0xe7 rtc.o
 .debug_abbrev  0x000007a1       0xcd standart_interface.o
 .debug_abbrev  0x0000086e       0x14 c:/program files (x86)/atmel/atmel studio 6.0/extensions/atmel/avrgcc/3.4.1.95/avrtoolchain/bin/../lib/gcc/avr/4.6.2/avr4\libgcc.a(_udivmodqi4.o)
 .debug_abbrev  0x00000882       0x14 c:/program files (x86)/atmel/atmel studio 6.0/extensions/atmel/avrgcc/3.4.1.95/avrtoolchain/bin/../lib/gcc/avr/4.6.2/avr4\libgcc.a(_divmodqi4.o)
 .debug_abbrev  0x00000896       0x14 c:/program files (x86)/atmel/atmel studio 6.0/extensions/atmel/avrgcc/3.4.1.95/avrtoolchain/bin/../lib/gcc/avr/4.6.2/avr4\libgcc.a(_exit.o)
 .debug_abbrev  0x000008aa       0x14 c:/program files (x86)/atmel/atmel studio 6.0/extensions/atmel/avrgcc/3.4.1.95/avrtoolchain/bin/../lib/gcc/avr/4.6.2/avr4\libgcc.a(_copy_data.o)
 .debug_abbrev  0x000008be       0x14 c:/program files (x86)/atmel/atmel studio 6.0/extensions/atmel/avrgcc/3.4.1.95/avrtoolchain/bin/../lib/gcc/avr/4.6.2/avr4\libgcc.a(_clear_bss.o)

.debug_line     0x00000000     0x1232
 *(.debug_line)
 .debug_line    0x00000000      0x806 2004_Saturn_mk2.o
 .debug_line    0x00000806      0x105 buttons.o
 .debug_line    0x0000090b      0x1cf dht11.o
 .debug_line    0x00000ada      0x22e pulsarHD44780.o
 .debug_line    0x00000d08      0x14c rtc.o
 .debug_line    0x00000e54      0x112 standart_interface.o
 .debug_line    0x00000f66       0x92 c:/program files (x86)/atmel/atmel studio 6.0/extensions/atmel/avrgcc/3.4.1.95/avrtoolchain/bin/../lib/gcc/avr/4.6.2/avr4\libgcc.a(_udivmodqi4.o)
 .debug_line    0x00000ff8       0x93 c:/program files (x86)/atmel/atmel studio 6.0/extensions/atmel/avrgcc/3.4.1.95/avrtoolchain/bin/../lib/gcc/avr/4.6.2/avr4\libgcc.a(_divmodqi4.o)
 .debug_line    0x0000108b       0x88 c:/program files (x86)/atmel/atmel studio 6.0/extensions/atmel/avrgcc/3.4.1.95/avrtoolchain/bin/../lib/gcc/avr/4.6.2/avr4\libgcc.a(_exit.o)
 .debug_line    0x00001113       0x91 c:/program files (x86)/atmel/atmel studio 6.0/extensions/atmel/avrgcc/3.4.1.95/avrtoolchain/bin/../lib/gcc/avr/4.6.2/avr4\libgcc.a(_copy_data.o)
 .debug_line    0x000011a4       0x8e c:/program files (x86)/atmel/atmel studio 6.0/extensions/atmel/avrgcc/3.4.1.95/avrtoolchain/bin/../lib/gcc/avr/4.6.2/avr4\libgcc.a(_clear_bss.o)

.debug_frame    0x00000000      0x484
 *(.debug_frame)
 .debug_frame   0x00000000      0x198 2004_Saturn_mk2.o
 .debug_frame   0x00000198       0x24 buttons.o
 .debug_frame   0x000001bc       0x60 dht11.o
 .debug_frame   0x0000021c       0xc4 pulsarHD44780.o
 .debug_frame   0x000002e0      0x108 rtc.o
 .debug_frame   0x000003e8       0x9c standart_interface.o

.debug_str      0x00000000      0x5f8
 *(.debug_str)
 .debug_str     0x00000000      0x3d5 2004_Saturn_mk2.o
                                0x437 (size before relaxing)
 .debug_str     0x000003d5       0x22 buttons.o
                                0x14a (size before relaxing)
 .debug_str     0x000003f7       0x45 dht11.o
                                0x1b7 (size before relaxing)
 .debug_str     0x0000043c       0xa6 pulsarHD44780.o
                                0x20b (size before relaxing)
 .debug_str     0x000004e2       0x7b rtc.o
                                0x1d3 (size before relaxing)
 .debug_str     0x0000055d       0x9b standart_interface.o
                                0x178 (size before relaxing)

.debug_loc      0x00000000      0xd33
 *(.debug_loc)
 .debug_loc     0x00000000      0x700 2004_Saturn_mk2.o
 .debug_loc     0x00000700       0x28 buttons.o
 .debug_loc     0x00000728       0xa2 dht11.o
 .debug_loc     0x000007ca      0x1f5 pulsarHD44780.o
 .debug_loc     0x000009bf      0x2cf rtc.o
 .debug_loc     0x00000c8e       0xa5 standart_interface.o

.debug_macinfo
 *(.debug_macinfo)
OUTPUT(2004_Saturn_mk2.elf elf32-avr)
LOAD linker stubs

.debug_ranges   0x00000000       0x78
 .debug_ranges  0x00000000       0x78 2004_Saturn_mk2.o
